javac : src\JTAPIGui.java:400: error: constructor JTAPICallerInfo in class JTAPICallerInfo cannot be applied to given types;
At line:1 char:1
+ javac -Xlint:deprecation -cp ".;lib\jtapi.jar" -d bin src\*.java 2>&1 ...
+ ~~~~~~~~~~~~~~~~~~~~~~~~~~~~~~~~~~~~~~~~~~~~~~~~~~~~~~~~~~~~~~~~~~~~~
    + CategoryInfo          : NotSpecified: (src\JTAPIGui.ja...to given types;:String) [], RemoteException
    + FullyQualifiedErrorId : NativeCommandError
 
                    JTAPICallerInfo allListener = new JTAPICallerInfo(urlTemplateFinal, triggerFinal, null);
                                                  ^
  required: no arguments
  found:    String,String,<null>
  reason: actual and formal argument lists differ in length
src\JTAPIGui.java:413: error: constructor JTAPICallerInfo in class JTAPICallerInfo cannot be applied to given types;
                        JTAPICallerInfo addrListener = new JTAPICallerInfo(urlTemplateFinal, triggerFinal, a.getName());
                                                       ^
  required: no arguments
  found:    String,String,String
  reason: actual and formal argument lists differ in length
src\JTAPIGui.java:423: error: constructor JTAPICallerInfo in class JTAPICallerInfo cannot be applied to given types;
                                        JTAPICallerInfo fuzzyListener = new JTAPICallerInfo(urlTemplateFinal, triggerFinal, av.getName());
                                                                        ^
  required: no arguments
  found:    String,String,String
  reason: actual and formal argument lists differ in length
3 errors
